<?xml version="1.0" encoding="UTF-8"?>
<testsuites name="Mocha Tests" time="0" tests="1" failures="1">
  <testsuite name="Root Suite" timestamp="2020-04-26T17:00:30" tests="0" file="cypress/integration/examples/BPApi.js" failures="0" time="0">
  </testsuite>
  <testsuite name="BP API Test" timestamp="2020-04-26T17:00:30" tests="1" failures="1" time="0">
    <testcase name="BP API Test Geobanner API Test" time="0" classname="Geobanner API Test">
      <failure message="Cannot read property &apos;data&apos; of undefined" type="TypeError"><![CDATA[TypeError: Cannot read property 'data' of undefined
    at Context.<anonymous> (http://localhost:51284/__cypress/tests?p=cypress/integration/examples/BPApi.js-928:15:30)]]></failure>
    </testcase>
  </testsuite>
</testsuites>